// Jest Snapshot v1, https://goo.gl/fbAQLP

exports[`pages/Callback should render Callback that matches snapshot 1`] = `
<body>
  <div>
    <p>
      Redirecting you back to the app..
    </p>
  </div>
</body>
`;

exports[`pages/Callback should render Callback that matches snapshot if hash is empty 1`] = `
<body>
  <div>
    <p>
      Redirecting you back to the app..
    </p>
  </div>
</body>
`;
